// Jest Snapshot v1, https://goo.gl/fbAQLP

exports[`Share > Twitter url 1`] = `"https://twitter.com/share?url=https%3A%2F%2Fdemo.frontity.com%2Fthe-beauties-of-gullfoss&text=The%20Beauties%20of%20Gullfoss&via=frontity.com&hashtags=frontity%2Cgullfoss%2Cbeauties"`;
